// Jest Snapshot v1, https://goo.gl/fbAQLP

exports[`date getDate should return a date without the time 1`] = `2019-01-01T00:00:00.000Z`;
